// Vitest Snapshot v1, https://vitest.dev/guide/snapshot.html

exports[`ESLint Config > should export rules 1`] = `
{
  "extends": "./react.js",
  "globals": {
    "Atomics": false,
    "ErrorUtils": false,
    "FormData": false,
    "SharedArrayBuffer": false,
    "XMLHttpRequest": false,
    "__DEV__": false,
    "alert": false,
    "cancelAnimationFrame": false,
    "cancelIdleCallback": false,
    "clearImmediate": false,
    "clearInterval": false,
    "clearTimeout": false,
    "console": false,
    "exports": false,
    "fetch": false,
    "global": false,
    "module": false,
    "navigator": false,
    "process": false,
    "requestAnimationFrame": false,
    "requestIdleCallback": false,
    "require": false,
    "setImmediate": false,
    "setInterval": false,
    "setTimeout": false,
    "window": false,
  },
  "overrides": [
    {
      "env": {
        "browser": true,
      },
      "files": [
        "*.web.*",
      ],
    },
  ],
  "settings": {
    "import/ignore": [
      "node_modules[\\\\\\\\/]+@?react-native",
    ],
  },
}
`;
